// Jest Snapshot v1, https://goo.gl/fbAQLP

exports[`Test color component 1`] = `
<div
  className="sc-htpNat gIKUYi"
>
  <div
    className="sc-bxivhb llJfDc"
    color="blue"
  />
  <div
    className="sc-bdVaJa iYZTXX"
    onClick={[Function]}
  >
    <span>
      <div
        className="sc-ifAKCX iHSdmX"
      >
        <span>
          val
        </span>
      </div>
      <b>
        blue
      </b>
    </span>
  </div>
  <div
    className="sc-bdVaJa iYZTXX"
    onClick={[Function]}
  >
    <span>
      <div
        className="sc-ifAKCX iHSdmX"
      >
        <span>
          scss
        </span>
      </div>
      <b />
    </span>
  </div>
  <div
    className="sc-bdVaJa iYZTXX"
    onClick={[Function]}
  >
    <span>
      <div
        className="sc-ifAKCX iHSdmX"
      >
        <span>
          ios
        </span>
      </div>
      <b />
    </span>
  </div>
  <div
    className="sc-bdVaJa iYZTXX"
    onClick={[Function]}
  >
    <span>
      <div
        className="sc-ifAKCX iHSdmX"
      >
        <span>
          andr
        </span>
      </div>
      <b />
    </span>
  </div>
  <div
    className="sc-bdVaJa iYZTXX"
    onClick={[Function]}
  >
    <span>
      <div
        className="sc-ifAKCX iHSdmX"
      >
        <span>
          es6
        </span>
      </div>
      <b />
    </span>
  </div>
</div>
`;
