// Jest Snapshot v1, https://goo.gl/fbAQLP

exports[`Test color component 1`] = `
<div
  className="sc-bxivhb jarGjz"
>
  <div
    className="sc-ifAKCX gcfpeg"
    color="blue"
  />
  <div
    className="sc-bdVaJa hrphmh"
    onClick={[Function]}
  >
    <div
      className="sc-htpNat injVZS"
    >
      <span>
        val
         : 
      </span>
    </div>
    <b>
      blue
    </b>
  </div>
  <div
    className="sc-bdVaJa hrphmh"
    onClick={[Function]}
  >
    <div
      className="sc-htpNat injVZS"
    >
      <span>
        scss
         : 
      </span>
    </div>
    <b />
  </div>
  <div
    className="sc-bdVaJa hrphmh"
    onClick={[Function]}
  >
    <div
      className="sc-htpNat injVZS"
    >
      <span>
        ios
         : 
      </span>
    </div>
    <b />
  </div>
  <div
    className="sc-bdVaJa hrphmh"
    onClick={[Function]}
  >
    <div
      className="sc-htpNat injVZS"
    >
      <span>
        andr
         : 
      </span>
    </div>
    <b />
  </div>
  <div
    className="sc-bdVaJa hrphmh"
    onClick={[Function]}
  >
    <div
      className="sc-htpNat injVZS"
    >
      <span>
        es6
         : 
      </span>
    </div>
    <b />
  </div>
</div>
`;
